node : file:///C:/Users
/Asus/Desktop/BloodConn
ect/backend/src/app.js:
94
At line:1 char:1
+ node index.js 2>&1 | 
Out-String | 
Set-Content 
error_utf8.log 
-Encodin ...
+ ~~~~~~~~~~~~~~~~~~
    + CategoryInfo     
         : NotSpecifi  
  ed: (file:///C:/Us   
 er...d/src/app.js:    
94:String) [], Rem    
oteException
    + FullyQualifiedEr 
   rorId : NativeComm  
  andError
 
app.use("/api/v1/receiv
er", receiverRoutes);
                       
     ^

ReferenceError: 
receiverRoutes is not 
defined
    at file:///C:/Users
/Asus/Desktop/BloodConn
ect/backend/src/app.js:
94:29
    at ModuleJob.run (n
ode:internal/modules/es
m/module_job:430:25)
    at async onImport.t
racePromise.__proto__ (
node:internal/modules/e
sm/loader:661:26)
    at async asyncRunEn
tryPointWithESMLoader (
node:internal/modules/r
un_main:101:5)

Node.js v24.13.1

